[2026-05-01 22:07:03] [INFO] [Executor] 开始 ReAct 执行循环，2 个步骤
[2026-05-01 22:07:03] [INFO] [Executor] --- 步骤 1/2: fill_product_info ---
[2026-05-01 22:07:03] [INFO] [Executor] locator 未初始化，执行本地预检恢复
[2026-05-01 22:07:03] [INFO] 查找京麦窗口...
[2026-05-01 22:07:03] [INFO] 命中前台窗口: title='jd_465d1abd3ee76', process='jmworkstation', rect=(0, 0, 2560, 1392)
[2026-05-01 22:07:03] [INFO] 窗口已激活: (0, 0, 2560, 1392)
[2026-05-01 22:07:03] [INFO] [Executor] 窗口恢复成功(missing-locator): hwnd=1377392
[2026-05-01 22:07:03] [INFO] 查找京麦窗口...
[2026-05-01 22:07:03] [DEBUG] [Executor] 执行参数 fill_product_info: {'product': {'purchase_price': 70, 'jd_price': 70}}
[2026-05-01 22:07:12] [DEBUG] [ActionHook] fill_product_info took 8.81s
[2026-05-01 22:07:12] [INFO] 查找京麦窗口...
[2026-05-01 22:07:12] [WARNING] [Executor] Step 1 action failed (retry 1/3): Some product fields failed verification: jd_price, purchase_price
[2026-05-01 22:07:12] [INFO] 查找京麦窗口...
[2026-05-01 22:07:12] [INFO] [Executor] 重试 [2/3]: 等待 2.3s 后重试
[2026-05-01 22:07:14] [DEBUG] [Executor] 执行参数 fill_product_info: {'product': {'purchase_price': 70, 'jd_price': 70}}
[2026-05-01 22:07:23] [DEBUG] [ActionHook] fill_product_info took 9.03s
[2026-05-01 22:07:23] [INFO] 查找京麦窗口...
[2026-05-01 22:07:23] [WARNING] [Executor] Step 1 action failed (retry 2/3): Some product fields failed verification: jd_price, purchase_price
[2026-05-01 22:07:23] [INFO] 查找京麦窗口...
[2026-05-01 22:07:23] [INFO] [Executor] 重试 [3/3]: 清除缓存，强制重定位窗口
[2026-05-01 22:07:23] [INFO] 查找京麦窗口...
[2026-05-01 22:07:23] [INFO] 命中前台窗口: title='jd_465d1abd3ee76', process='jmworkstation', rect=(0, 0, 2560, 1392)
[2026-05-01 22:07:24] [INFO] 窗口已激活: (0, 0, 2560, 1392)
[2026-05-01 22:07:24] [INFO] [Executor] 窗口恢复成功(force-relocate): hwnd=1377392
[2026-05-01 22:07:24] [DEBUG] [Executor] 执行参数 fill_product_info: {'product': {'purchase_price': 70, 'jd_price': 70}}
[2026-05-01 22:07:33] [DEBUG] [ActionHook] fill_product_info took 8.88s
[2026-05-01 22:07:33] [INFO] 查找京麦窗口...
[2026-05-01 22:07:33] [WARNING] [Executor] Step 1 action failed (retry 3/3): Some product fields failed verification: jd_price, purchase_price
[2026-05-01 22:07:33] [DEBUG] [Executor] 计划文件已更新: 步骤 1/2
[2026-05-01 22:07:33] [DEBUG] [Executor] 计划文件顶层状态已更新: failed
