[2026-05-07 00:47:19] [INFO] [Executor] 开始 ReAct 执行循环，8 个步骤
[2026-05-07 00:47:19] [INFO] [Executor] --- 步骤 1/8: find_window ---
[2026-05-07 00:47:19] [INFO] 查找京麦窗口...
[2026-05-07 00:47:19] [INFO] 命中前台窗口: title='jd_465d1abd3ee76', process='jmworkstation', rect=(0, 0, 2560, 1392)
[2026-05-07 00:47:19] [INFO] 查找京麦窗口...
[2026-05-07 00:47:19] [INFO] 命中前台窗口: title='jd_465d1abd3ee76', process='jmworkstation', rect=(0, 0, 2560, 1392)
[2026-05-07 00:47:19] [INFO] 查找京麦窗口...
[2026-05-07 00:47:19] [INFO] [Executor] 步骤 1 find_window 执行后窗口发生变化: fields=['window_presence']
[2026-05-07 00:47:26] [INFO] [Executor] 步骤 1 视觉验证通过: 截图中显示京麦客户端界面，包含京麦导航栏及业务数据展示区域，符合京麦窗口特征
[2026-05-07 00:47:26] [DEBUG] [Executor] 计划文件已更新: 步骤 1/8
[2026-05-07 00:47:26] [INFO] [Executor] 步骤 1/8 完成: OK
[2026-05-07 00:47:26] [INFO] [Executor] --- 步骤 2/8: activate_window ---
[2026-05-07 00:47:26] [INFO] 查找京麦窗口...
[2026-05-07 00:47:26] [INFO] 查找京麦窗口...
[2026-05-07 00:47:26] [INFO] 窗口已激活: (0, 0, 2560, 1392)
[2026-05-07 00:47:26] [INFO] 查找京麦窗口...
[2026-05-07 00:47:29] [INFO] [Executor] 步骤 2 视觉验证通过: 京麦窗口已激活
[2026-05-07 00:47:29] [DEBUG] [Executor] 计划文件已更新: 步骤 2/8
[2026-05-07 00:47:29] [INFO] [Executor] 步骤 2/8 完成: OK
[2026-05-07 00:47:29] [INFO] [Executor] --- 步骤 3/8: navigate_to ---
[2026-05-07 00:47:29] [INFO] 查找京麦窗口...
[2026-05-07 00:47:29] [DEBUG] [Executor] 执行参数 navigate_to: {'page': 'publish'}
[2026-05-07 00:47:29] [INFO] 导航: 点击商品菜单
[2026-05-07 00:47:33] [INFO] 导航: 点击发布商品
[2026-05-07 00:47:37] [DEBUG] [ActionHook] navigate_to took 8.43s
[2026-05-07 00:47:37] [INFO] 查找京麦窗口...
[2026-05-07 00:47:41] [WARNING] [Executor] 步骤 3 视觉验证失败（重试 1/3）: 页面显示经营概况等模块，未出现商品标题、品牌、价格等商品发布页面的输入框，属于首页/工作台类型
[2026-05-07 00:47:41] [INFO] 查找京麦窗口...
[2026-05-07 00:47:41] [INFO] [Executor] 重试 [2/3]: 等待 2.9s 后重试
[2026-05-07 00:47:44] [DEBUG] [Executor] 执行参数 navigate_to: {'page': 'publish'}
[2026-05-07 00:47:44] [INFO] 导航: 点击商品菜单
[2026-05-07 00:47:48] [INFO] 导航: 点击发布商品
[2026-05-07 00:47:51] [DEBUG] [ActionHook] navigate_to took 7.23s
[2026-05-07 00:47:51] [INFO] 查找京麦窗口...
[2026-05-07 00:48:00] [WARNING] [Executor] 步骤 3 视觉验证失败（重试 2/3）: 页面未显示商品发布页面（缺少'商品标题'、'品牌'、'价格'等输入框），当前为经营数据统计页面，不符合目标页面要求
[2026-05-07 00:48:00] [INFO] 查找京麦窗口...
[2026-05-07 00:48:00] [INFO] [Executor] 重试 [3/3]: 清除缓存，强制重定位窗口
[2026-05-07 00:48:00] [INFO] 查找京麦窗口...
[2026-05-07 00:48:00] [INFO] 命中前台窗口: title='jd_465d1abd3ee76', process='jmworkstation', rect=(0, 0, 2560, 1392)
[2026-05-07 00:48:01] [INFO] 窗口已激活: (0, 0, 2560, 1392)
[2026-05-07 00:48:01] [INFO] [Executor] 窗口恢复成功(force-relocate): hwnd=922436
[2026-05-07 00:48:01] [DEBUG] [Executor] 执行参数 navigate_to: {'page': 'publish'}
[2026-05-07 00:48:01] [INFO] 导航: 点击商品菜单
[2026-05-07 00:48:04] [INFO] 导航: 点击发布商品
[2026-05-07 00:48:08] [DEBUG] [ActionHook] navigate_to took 7.28s
[2026-05-07 00:48:08] [INFO] 查找京麦窗口...
[2026-05-07 00:48:15] [WARNING] [Executor] 步骤 3 视觉验证失败（重试 3/3）: 页面显示导航菜单（左侧有首页、商品等选项），地址栏包含'home'，符合首页特征，且未显示商品发布页面的'商品标题'、'品牌'、'价格'等输入框
[2026-05-07 00:48:15] [DEBUG] [Executor] 计划文件已更新: 步骤 3/8
[2026-05-07 00:48:15] [DEBUG] [Executor] 计划文件顶层状态已更新: failed
