[2026-05-08 16:01:48] [INFO] [Executor] 开始 ReAct 执行循环，8 个步骤
[2026-05-08 16:01:48] [INFO] [Executor] 断点续跑: 跳过前 4 步，从步骤 5 开始
[2026-05-08 16:01:48] [INFO] [Executor] 续跑预检恢复: 在重跑 fill_product_info 前先恢复窗口上下文
[2026-05-08 16:01:48] [INFO] 查找京麦窗口...
[2026-05-08 16:01:48] [INFO] 命中前台窗口: title='jd_465d1abd3ee76', process='jmworkstation', rect=(0, 0, 2560, 1392)
[2026-05-08 16:01:48] [INFO] 窗口已激活: (0, 0, 2560, 1392)
[2026-05-08 16:01:48] [INFO] [Executor] 窗口恢复成功(resume-preflight): hwnd=397104
[2026-05-08 16:01:48] [INFO] [Executor] --- 步骤 5/8: fill_product_info ---
[2026-05-08 16:01:48] [INFO] 查找京麦窗口...
[2026-05-08 16:01:53] [INFO] [Executor] 步骤 5 precheck: status=ok state=? suggested=proceed
[2026-05-08 16:01:53] [DEBUG] [Executor] 执行参数 fill_product_info: {'product': {'title': '公牛（BULL） 插座/B5系列 带儿童保护门/新国标插座/排插 【8位】总控1.6米（新国标防过载）B5440', 'brand': '公牛', 'category': '插座', 'business': '慧采', 'sku_model': '', 'length_mm': 250, 'width_mm': 76, 'height_mm': 29, 'weight_kg': 0.5, 'unit': '个', 'jd_price': 70, 'jd_url': 'https://item.jd.com/16793098028.html', 'qualifications': '', 'short_desc': '', 'note': '数量：2'}}
[2026-05-08 16:02:01] [DEBUG] [fill_product_info] scroll to sku section: reset to top
[2026-05-08 16:02:03] [DEBUG] [fill_product_info] scroll to sku section: step=1 delta=-550
[2026-05-08 16:02:03] [DEBUG] [fill_product_info] scroll to sku section: step=2 delta=-550
[2026-05-08 16:02:06] [DEBUG] [fill_product_info] sku scrollbar reset by click-track
[2026-05-08 16:02:06] [DEBUG] [fill_product_info] fill sku product name
[2026-05-08 16:02:06] [DEBUG] [fill_product_info] scroll to sku section: reset to top
[2026-05-08 16:02:08] [DEBUG] [fill_product_info] scroll to sku section: step=1 delta=-550
[2026-05-08 16:02:09] [DEBUG] [fill_product_info] scroll to sku section: step=2 delta=-550
[2026-05-08 16:02:11] [DEBUG] [fill_product_info] basic info page missing, force click top tab
[2026-05-08 16:02:17] [DEBUG] [fill_product_info] switched to basic info page via top-tab coordinates
[2026-05-08 16:02:21] [DEBUG] [fill_product_info] price area state title=True market=False jd=False
[2026-05-08 16:02:22] [DEBUG] [fill_product_info] price area state title=False market=False jd=False
[2026-05-08 16:02:24] [DEBUG] [fill_product_info] price area state title=False market=False jd=False
[2026-05-08 16:02:26] [DEBUG] [fill_product_info] price area state title=False market=False jd=False
[2026-05-08 16:02:28] [DEBUG] [fill_product_info] price area state title=False market=False jd=False
[2026-05-08 16:02:30] [DEBUG] [fill_product_info] price area state title=False market=False jd=False
[2026-05-08 16:02:32] [DEBUG] [fill_product_info] price area state title=False market=False jd=False
[2026-05-08 16:02:33] [DEBUG] [fill_product_info] basic info page missing, force click top tab
[2026-05-08 16:02:39] [DEBUG] [fill_product_info] switched to basic info page via top-tab coordinates
[2026-05-08 16:02:42] [DEBUG] [fill_product_info] price area state title=True market=False jd=False
[2026-05-08 16:02:44] [DEBUG] [fill_product_info] price area state title=False market=False jd=False
[2026-05-08 16:02:46] [DEBUG] [fill_product_info] price area state title=False market=False jd=False
[2026-05-08 16:02:48] [DEBUG] [fill_product_info] price area state title=False market=False jd=False
[2026-05-08 16:02:49] [DEBUG] [fill_product_info] price area state title=False market=False jd=False
[2026-05-08 16:02:51] [DEBUG] [fill_product_info] price area state title=False market=False jd=False
[2026-05-08 16:02:53] [DEBUG] [fill_product_info] price area state title=False market=False jd=False
[2026-05-08 16:02:54] [DEBUG] [fill_product_info] basic info page missing, force click top tab
[2026-05-08 16:03:00] [DEBUG] [fill_product_info] switched to basic info page via top-tab coordinates
[2026-05-08 16:03:03] [DEBUG] [fill_product_info] price area state title=True market=False jd=False
[2026-05-08 16:03:05] [DEBUG] [fill_product_info] price area state title=False market=False jd=False
[2026-05-08 16:03:07] [DEBUG] [fill_product_info] price area state title=False market=False jd=False
[2026-05-08 16:03:09] [DEBUG] [fill_product_info] price area state title=False market=False jd=False
[2026-05-08 16:03:10] [DEBUG] [fill_product_info] price area state title=False market=False jd=False
[2026-05-08 16:03:12] [DEBUG] [fill_product_info] price area state title=False market=False jd=False
[2026-05-08 16:03:14] [DEBUG] [fill_product_info] price area state title=False market=False jd=False
[2026-05-08 16:03:20] [DEBUG] [ActionHook] fill_product_info took 86.83s
[2026-05-08 16:03:20] [INFO] 查找京麦窗口...
[2026-05-08 16:03:20] [WARNING] [Executor] Step 5 action failed (retry 1/3): Some product fields failed verification: price_area_anchor
[2026-05-08 16:03:20] [INFO] 查找京麦窗口...
[2026-05-08 16:03:20] [INFO] [Executor] 重试 [2/3]: 等待 2.8s 后重试
[2026-05-08 16:03:28] [INFO] [Executor] 步骤 5 precheck: status=error state=页面加载失败 suggested=stop
[2026-05-08 16:03:28] [WARNING] [Executor] 步骤 5 执行前视觉预检失败（重试 2/3）: 系统提示：当前页面未加载成功，需检查网络连接或页面状态
[2026-05-08 16:03:28] [INFO] 查找京麦窗口...
[2026-05-08 16:03:28] [INFO] [Executor] 重试 [3/3]: 清除缓存，强制重定位窗口
[2026-05-08 16:03:28] [INFO] 查找京麦窗口...
[2026-05-08 16:03:28] [INFO] 命中前台窗口: title='jd_465d1abd3ee76', process='jmworkstation', rect=(0, 0, 2560, 1392)
[2026-05-08 16:03:29] [INFO] 窗口已激活: (0, 0, 2560, 1392)
[2026-05-08 16:03:29] [INFO] [Executor] 窗口恢复成功(force-relocate): hwnd=397104
[2026-05-08 16:03:30] [INFO] [Executor] 步骤 5 precheck: status=error state=fill_product_info suggested=stop
[2026-05-08 16:03:30] [WARNING] [Executor] 步骤 5 执行前视觉预检失败（重试 3/3）: ????????????????? fill_product_info?????????
[2026-05-08 16:03:30] [DEBUG] [Executor] 计划文件已更新: 步骤 5/8
[2026-05-08 16:03:30] [DEBUG] [Executor] 计划文件顶层状态已更新: failed
