[2026-05-13 16:25:39] [INFO] [Planner] 规划任务 caa0589c: 公牛（BULL） 插座/B5系列 带儿童保护门/新国标插座/
[2026-05-13 16:25:39] [INFO] [Planner] doc_strict 强约束已启用，使用文档模板规划，共 8 步
[2026-05-13 16:25:40] [INFO] [Executor] 开始 ReAct 执行循环，8 个步骤
[2026-05-13 16:25:40] [INFO] [Executor] 断点续跑: 跳过前 4 步，从步骤 5 开始
[2026-05-13 16:25:40] [INFO] [Executor] 续跑预检恢复: 在重跑 fill_product_info 前先恢复窗口上下文
[2026-05-13 16:25:40] [INFO] 查找京麦窗口...
[2026-05-13 16:25:41] [WARNING] SetForegroundWindow 失败: (0, 'SetForegroundWindow', 'No error message is available'), 尝试其他方式
[2026-05-13 16:25:41] [WARNING] SwitchToThisWindow 也失败: module 'win32api' has no attribute 'SwitchToThisWindow'
[2026-05-13 16:25:41] [INFO] 窗口已激活: (0, 0, 2560, 1392)
[2026-05-13 16:25:41] [INFO] [Executor] 窗口恢复成功(resume-preflight): hwnd=110433078
[2026-05-13 16:25:41] [INFO] [Executor] --- 步骤 5/8: fill_product_info ---
[2026-05-13 16:25:41] [INFO] 查找京麦窗口...
[2026-05-13 16:25:55] [DEBUG] [vision] template missing: product_title_label.png
[2026-05-13 16:25:55] [DEBUG] [vision] template missing: market_price_label.png
[2026-05-13 16:25:55] [DEBUG] [vision] template missing: jd_price_label.png
[2026-05-13 16:25:59] [DEBUG] [fill_product_info] price area state title=False market=False jd=False market_input=True jd_input=True sku_batch=True sku_table_anchor=False
[2026-05-13 16:25:59] [INFO] [Executor] 步骤 5 precheck: status=error state=发布确认弹窗拦截填写流程 suggested=navigate_to
[2026-05-13 16:25:59] [WARNING] [Executor] 步骤 5 执行前视觉预检失败（重试 1/3）: doc-strict precheck page mismatch for fill_product_info: expected one of ['product_info_page', 'sku_table_page', 'publish_confirm_page'], got unknown
[2026-05-13 16:25:59] [INFO] 查找京麦窗口...
[2026-05-13 16:25:59] [INFO] 窗口已激活: (0, 0, 2560, 1392)
[2026-05-13 16:25:59] [INFO] [Executor] 窗口恢复成功(matrix-recover): hwnd=110433078
[2026-05-13 16:25:59] [INFO] [Executor] 步骤 5 恢复动作: refresh_page {'mode': 'soft'}
[2026-05-13 16:26:00] [INFO] 窗口已激活: (0, 0, 2560, 1392)
[2026-05-13 16:26:01] [DEBUG] [ActionHook] refresh_page took 2.19s
[2026-05-13 16:26:01] [INFO] [Executor] 步骤 5 恢复动作: navigate_to {'page': 'publish'}
[2026-05-13 16:26:01] [INFO] 导航: 点击商品菜单
[2026-05-13 16:26:06] [INFO] 导航: 点击发布商品
[2026-05-13 16:26:09] [DEBUG] [ActionHook] navigate_to took 8.05s
[2026-05-13 16:26:09] [INFO] [Executor] 步骤 5 恢复动作: select_category {'search_text': '电脑、办公 > 外设产品 > 插座/转换器'}
[2026-05-13 16:26:20] [DEBUG] [vision] template missing: product_title_label.png
[2026-05-13 16:26:20] [DEBUG] [vision] template missing: market_price_label.png
[2026-05-13 16:26:20] [DEBUG] [vision] template missing: jd_price_label.png
[2026-05-13 16:26:24] [DEBUG] [fill_product_info] price area state title=False market=False jd=False market_input=True jd_input=True sku_batch=True sku_table_anchor=False
[2026-05-13 16:26:24] [INFO] [Executor] 步骤 5 恢复矩阵执行成功: precheck_blocked
[2026-05-13 16:26:24] [INFO] 查找京麦窗口...
[2026-05-13 16:26:24] [INFO] [Executor] 重试 [2/3]: 等待 3.6s 后重试
[2026-05-13 16:26:42] [DEBUG] [vision] template missing: product_title_label.png
[2026-05-13 16:26:42] [DEBUG] [vision] template missing: market_price_label.png
[2026-05-13 16:26:42] [DEBUG] [vision] template missing: jd_price_label.png
[2026-05-13 16:26:46] [DEBUG] [fill_product_info] price area state title=False market=False jd=False market_input=True jd_input=True sku_batch=True sku_table_anchor=False
[2026-05-13 16:26:46] [INFO] [Executor] 步骤 5 precheck: status=error state=商品信息页面已加载，价格及属性区域可编辑 suggested=fill_product_info
[2026-05-13 16:26:46] [WARNING] [Executor] 步骤 5 执行前视觉预检失败（重试 2/3）: 当前截图显示商品编辑页面的'商品信息'部分，已包含基础信息、价格等字段的填写区域。根据文档要求，当前步骤需要填写商品基本信息、采销信息、价格等字段。截图中可见价格字段、商品属性等区域的输入框，且页面处于'商品信息'标签页下，符合文档章节要求。未发现系统错误或页面跳转异常，可以安全继续当前步骤。
[2026-05-13 16:26:46] [INFO] 查找京麦窗口...
[2026-05-13 16:26:46] [INFO] [Executor] 重试 [3/3]: 清除缓存，强制重定位窗口
[2026-05-13 16:26:46] [INFO] 查找京麦窗口...
[2026-05-13 16:26:46] [INFO] 命中前台窗口: title='jd_465d1abd3ee76', process='jmworkstation', rect=(0, 0, 2560, 1392)
[2026-05-13 16:26:47] [INFO] 窗口已激活: (0, 0, 2560, 1392)
[2026-05-13 16:26:47] [INFO] [Executor] 窗口恢复成功(force-relocate): hwnd=110433078
[2026-05-13 16:26:57] [DEBUG] [vision] template missing: product_title_label.png
[2026-05-13 16:26:57] [DEBUG] [vision] template missing: market_price_label.png
[2026-05-13 16:26:57] [DEBUG] [vision] template missing: jd_price_label.png
[2026-05-13 16:27:01] [DEBUG] [fill_product_info] price area state title=False market=False jd=False market_input=True jd_input=True sku_batch=True sku_table_anchor=False
[2026-05-13 16:27:01] [INFO] [Executor] 步骤 5 precheck: status=error state=商品信息编辑页面 - 基础信息与价格区域 suggested=fill_product_info
[2026-05-13 16:27:01] [WARNING] [Executor] 步骤 5 执行前视觉预检失败（重试 3/3）: 当前页面处于商品编辑流程，已确认为商品信息页面，需按文档要求填写商品基本信息、价格等字段。页面显示商品信息、采销信息、价格、商品属性等区域，且未见错误提示或登录失效等异常状态。步骤5/8要求填写商品基本信息与价格，当前页面已展示这些字段（如商品标题、品牌、价格等），可安全继续。
[2026-05-13 16:27:01] [DEBUG] [Executor] 计划文件已更新: 步骤 5/8
[2026-05-13 16:27:01] [DEBUG] [Executor] 计划文件顶层状态已更新: failed
