[2026-05-07 00:38:37] [INFO] [Executor] 开始 ReAct 执行循环，8 个步骤
[2026-05-07 00:38:37] [INFO] [Executor] --- 步骤 1/8: find_window ---
[2026-05-07 00:38:37] [INFO] 查找京麦窗口...
[2026-05-07 00:38:37] [INFO] 命中前台窗口: title='jd_465d1abd3ee76', process='jmworkstation', rect=(0, 0, 2560, 1392)
[2026-05-07 00:38:37] [INFO] 查找京麦窗口...
[2026-05-07 00:38:37] [INFO] 命中前台窗口: title='jd_465d1abd3ee76', process='jmworkstation', rect=(0, 0, 2560, 1392)
[2026-05-07 00:38:37] [INFO] 查找京麦窗口...
[2026-05-07 00:38:37] [INFO] [Executor] 步骤 1 find_window 执行后窗口发生变化: fields=['window_presence']
[2026-05-07 00:38:43] [INFO] [Executor] 步骤 1 视觉验证通过: 截图中显示了京麦客户端的界面，包含京麦相关的导航菜单、经营数据等模块，符合京麦窗口特征
[2026-05-07 00:38:43] [DEBUG] [Executor] 计划文件已更新: 步骤 1/8
[2026-05-07 00:38:43] [INFO] [Executor] 步骤 1/8 完成: OK
[2026-05-07 00:38:43] [INFO] [Executor] --- 步骤 2/8: activate_window ---
[2026-05-07 00:38:43] [INFO] 查找京麦窗口...
[2026-05-07 00:38:43] [INFO] 查找京麦窗口...
[2026-05-07 00:38:44] [INFO] 窗口已激活: (0, 0, 2560, 1392)
[2026-05-07 00:38:44] [INFO] 查找京麦窗口...
[2026-05-07 00:38:48] [INFO] [Executor] 步骤 2 视觉验证通过: 截图中显示京麦客户端界面，包含'京麦'菜单项及业务数据模块，窗口处于正常激活状态，广告提示不属于错误
[2026-05-07 00:38:48] [DEBUG] [Executor] 计划文件已更新: 步骤 2/8
[2026-05-07 00:38:48] [INFO] [Executor] 步骤 2/8 完成: OK
[2026-05-07 00:38:48] [INFO] [Executor] --- 步骤 3/8: navigate_to ---
[2026-05-07 00:38:48] [INFO] 查找京麦窗口...
[2026-05-07 00:38:48] [DEBUG] [Executor] 执行参数 navigate_to: {'page': 'publish'}
[2026-05-07 00:38:48] [INFO] 导航: 点击商品菜单
[2026-05-07 00:38:53] [INFO] 导航: 点击发布商品
[2026-05-07 00:38:56] [DEBUG] [ActionHook] navigate_to took 8.48s
[2026-05-07 00:38:56] [INFO] 查找京麦窗口...
[2026-05-07 00:39:03] [INFO] [Executor] 步骤 3 视觉验证通过: 页面显示正常，'余额已用完'等京准通广告提示不影响商品发布功能，无操作失败迹象
[2026-05-07 00:39:03] [DEBUG] [Executor] 计划文件已更新: 步骤 3/8
[2026-05-07 00:39:03] [INFO] [Executor] 步骤 3/8 完成: OK
[2026-05-07 00:39:03] [INFO] [Executor] --- 步骤 4/8: select_category ---
[2026-05-07 00:39:03] [INFO] 查找京麦窗口...
[2026-05-07 00:39:03] [DEBUG] [Executor] 执行参数 select_category: {'search_text': '插座'}
[2026-05-07 00:39:59] [DEBUG] [ActionHook] select_category took 55.51s
[2026-05-07 00:39:59] [INFO] 查找京麦窗口...
[2026-05-07 00:40:09] [INFO] [Executor] 步骤 4 视觉验证通过: 页面显示的'余额已用完'为京准通广告提示，根据说明不影响商品发布功能，操作成功
[2026-05-07 00:40:09] [DEBUG] [Executor] 计划文件已更新: 步骤 4/8
[2026-05-07 00:40:09] [INFO] [Executor] 步骤 4/8 完成: OK
[2026-05-07 00:40:09] [INFO] [Executor] --- 步骤 5/8: fill_product_info ---
[2026-05-07 00:40:09] [INFO] 查找京麦窗口...
[2026-05-07 00:40:09] [DEBUG] [Executor] 执行参数 fill_product_info: {'product': {'title': '公牛（BULL） 插座/B5系列 带儿童保护门/新国标插座/排插 【8位】总控1.6米（新国标防过载）B5440', 'brand': '公牛', 'model': '', 'sku': '', 'jd_price': 70, 'market_price': 70, 'length_mm': 250, 'width_mm': 76, 'height_mm': 29, 'weight_kg': 0.5, 'unit': '个', 'jd_url': 'https://item.jd.com/16793098028.html', 'notes': '数量：2'}}
[2026-05-07 00:41:01] [DEBUG] [ActionHook] fill_product_info took 51.73s
[2026-05-07 00:41:01] [INFO] 查找京麦窗口...
[2026-05-07 00:41:01] [WARNING] [Executor] Step 5 action failed (retry 1/3): Some product fields failed verification: title, market_price, jd_price
[2026-05-07 00:41:01] [INFO] 查找京麦窗口...
[2026-05-07 00:41:01] [INFO] [Executor] 重试 [2/3]: 等待 3.2s 后重试
[2026-05-07 00:41:04] [DEBUG] [Executor] 执行参数 fill_product_info: {'product': {'title': '公牛（BULL） 插座/B5系列 带儿童保护门/新国标插座/排插 【8位】总控1.6米（新国标防过载）B5440', 'brand': '公牛', 'model': '', 'sku': '', 'jd_price': 70, 'market_price': 70, 'length_mm': 250, 'width_mm': 76, 'height_mm': 29, 'weight_kg': 0.5, 'unit': '个', 'jd_url': 'https://item.jd.com/16793098028.html', 'notes': '数量：2'}}
[2026-05-07 00:41:33] [DEBUG] [ActionHook] fill_product_info took 29.38s
[2026-05-07 00:41:33] [INFO] 查找京麦窗口...
[2026-05-07 00:41:34] [WARNING] [Executor] Step 5 action failed (retry 2/3): Some product fields failed verification: title, market_price, jd_price
[2026-05-07 00:41:34] [INFO] 查找京麦窗口...
[2026-05-07 00:41:34] [INFO] [Executor] 重试 [3/3]: 清除缓存，强制重定位窗口
[2026-05-07 00:41:34] [INFO] 查找京麦窗口...
[2026-05-07 00:41:34] [INFO] 命中前台窗口: title='jd_465d1abd3ee76', process='jmworkstation', rect=(0, 0, 2560, 1392)
[2026-05-07 00:41:34] [INFO] 窗口已激活: (0, 0, 2560, 1392)
[2026-05-07 00:41:34] [INFO] [Executor] 窗口恢复成功(force-relocate): hwnd=922436
[2026-05-07 00:41:34] [DEBUG] [Executor] 执行参数 fill_product_info: {'product': {'title': '公牛（BULL） 插座/B5系列 带儿童保护门/新国标插座/排插 【8位】总控1.6米（新国标防过载）B5440', 'brand': '公牛', 'model': '', 'sku': '', 'jd_price': 70, 'market_price': 70, 'length_mm': 250, 'width_mm': 76, 'height_mm': 29, 'weight_kg': 0.5, 'unit': '个', 'jd_url': 'https://item.jd.com/16793098028.html', 'notes': '数量：2'}}
[2026-05-07 00:42:05] [DEBUG] [ActionHook] fill_product_info took 30.75s
[2026-05-07 00:42:05] [INFO] 查找京麦窗口...
[2026-05-07 00:42:05] [WARNING] [Executor] Step 5 action failed (retry 3/3): Some product fields failed verification: title, market_price, jd_price
[2026-05-07 00:42:05] [DEBUG] [Executor] 计划文件已更新: 步骤 5/8
[2026-05-07 00:42:05] [DEBUG] [Executor] 计划文件顶层状态已更新: failed
