[2026-05-11 23:07:12] [INFO] [Planner] 规划任务 4f15d49c: 公牛（BULL） 插座/B5系列 带儿童保护门/新国标插座/
[2026-05-11 23:07:12] [INFO] [Planner] doc_strict 强约束已启用，使用文档模板规划，共 8 步
[2026-05-11 23:07:13] [INFO] [Executor] 开始 ReAct 执行循环，8 个步骤
[2026-05-11 23:07:13] [INFO] [Executor] --- 步骤 1/8: find_window ---
[2026-05-11 23:07:13] [INFO] [Executor] 步骤 1 precheck: status=unknown state=n/a suggested=n/a
[2026-05-11 23:07:13] [INFO] 查找京麦窗口...
[2026-05-11 23:07:13] [INFO] 命中前台窗口: title='jd_465d1abd3ee76', process='jmworkstation', rect=(0, 0, 2560, 1392)
[2026-05-11 23:07:13] [INFO] 查找京麦窗口...
[2026-05-11 23:07:13] [INFO] 命中前台窗口: title='jd_465d1abd3ee76', process='jmworkstation', rect=(0, 0, 2560, 1392)
[2026-05-11 23:07:13] [INFO] 查找京麦窗口...
[2026-05-11 23:07:13] [INFO] [Executor] 步骤 1 find_window 执行后窗口发生变化: fields=['window_presence']
[2026-05-11 23:07:21] [INFO] [Executor] 步骤 1 postcheck: status=ok reason=截图中显示京麦客户端窗口存在，包含'京麦'、'发布商品'、'商智'、'工作台'等关键元素，符合步骤目标要求
[2026-05-11 23:07:21] [INFO] [Executor] 步骤 1 视觉验证通过: 截图中显示京麦客户端窗口存在，包含'京麦'、'发布商品'、'商智'、'工作台'等关键元素，符合步骤目标要求
[2026-05-11 23:07:21] [DEBUG] [Executor] 计划文件已更新: 步骤 1/8
[2026-05-11 23:07:21] [INFO] [Executor] 步骤 1/8 完成: OK
[2026-05-11 23:07:21] [INFO] [Executor] --- 步骤 2/8: activate_window ---
[2026-05-11 23:07:21] [INFO] 查找京麦窗口...
[2026-05-11 23:07:24] [INFO] [Executor] 步骤 2 precheck: status=ok state=窗口状态正常，可以继续执行后续操作 suggested=proceed
[2026-05-11 23:07:24] [INFO] 查找京麦窗口...
[2026-05-11 23:07:25] [INFO] 窗口已激活: (0, 0, 2560, 1392)
[2026-05-11 23:07:25] [INFO] 查找京麦窗口...
[2026-05-11 23:07:29] [INFO] [Executor] 步骤 2 postcheck: status=ok reason=截图中显示京麦客户端窗口已处于前台，包含'京麦'、'发布商品'、'商智'、'工作台'等关键元素，符合步骤目标要求。成功线索'京麦'、'发布商品'、'工作台'均存在，未出现'扫码登录'、'系统错误'等失败线索，因此本步骤目标已达成。
[2026-05-11 23:07:29] [INFO] [Executor] 步骤 2 视觉验证通过: 截图中显示京麦客户端窗口已处于前台，包含'京麦'、'发布商品'、'商智'、'工作台'等关键元素，符合步骤目标要求。成功线索'京麦'、'发布商品'、'工作台'均存在，未出现'扫码登录'、'系统错误'等失败线索，因此本步骤目标已达成。
[2026-05-11 23:07:29] [DEBUG] [Executor] 计划文件已更新: 步骤 2/8
[2026-05-11 23:07:29] [INFO] [Executor] 步骤 2/8 完成: OK
[2026-05-11 23:07:29] [INFO] [Executor] --- 步骤 3/8: navigate_to ---
[2026-05-11 23:07:29] [INFO] 查找京麦窗口...
[2026-05-11 23:07:33] [INFO] [Executor] 步骤 3 precheck: status=error state=页面正常加载，无错误提示。 suggested=navigate_to
[2026-05-11 23:07:33] [WARNING] [Executor] 步骤 3 执行前视觉预检失败（重试 1/3）: doc-strict precheck markers missing for navigate_to: expected any of ['京麦', '工作台', '商品', '发布商品']
[2026-05-11 23:07:33] [INFO] 查找京麦窗口...
[2026-05-11 23:07:34] [INFO] 窗口已激活: (0, 0, 2560, 1392)
[2026-05-11 23:07:34] [INFO] [Executor] 窗口恢复成功(matrix-recover): hwnd=1119738
[2026-05-11 23:07:34] [INFO] [Executor] 步骤 3 恢复动作: refresh_page {'mode': 'soft'}
[2026-05-11 23:07:34] [INFO] 窗口已激活: (0, 0, 2560, 1392)
[2026-05-11 23:07:36] [DEBUG] [ActionHook] refresh_page took 2.20s
[2026-05-11 23:07:39] [INFO] [Executor] 步骤 3 恢复矩阵执行成功: wrong_page_publish_flow
[2026-05-11 23:07:39] [INFO] 查找京麦窗口...
[2026-05-11 23:07:39] [INFO] [Executor] 重试 [2/3]: 等待 3.8s 后重试
[2026-05-11 23:07:46] [INFO] [Executor] 步骤 3 precheck: status=error state=商品信息填写页 suggested=navigate_to
[2026-05-11 23:07:46] [WARNING] [Executor] 步骤 3 执行前视觉预检失败（重试 2/3）: 截图显示京麦工作台页面，已进入'发布商品'流程，且当前处于商品信息填写页面，未出现登录失效、系统错误等异常状态，符合继续流程条件。
[2026-05-11 23:07:46] [INFO] 查找京麦窗口...
[2026-05-11 23:07:47] [INFO] [Executor] 重试 [3/3]: 清除缓存，强制重定位窗口
[2026-05-11 23:07:47] [INFO] 查找京麦窗口...
[2026-05-11 23:07:47] [INFO] 命中前台窗口: title='jd_465d1abd3ee76', process='jmworkstation', rect=(0, 0, 2560, 1392)
[2026-05-11 23:07:47] [INFO] 窗口已激活: (0, 0, 2560, 1392)
[2026-05-11 23:07:47] [INFO] [Executor] 窗口恢复成功(force-relocate): hwnd=1119738
[2026-05-11 23:07:56] [INFO] [Executor] 步骤 3 precheck: status=error state=当前处于商品基本信息填写阶段，页面显示正常且完整 suggested=navigate_to
[2026-05-11 23:07:56] [WARNING] [Executor] 步骤 3 执行前视觉预检失败（重试 3/3）: 根据提供的截图信息分析：1. 当前显示的是京麦（阿里巴巴旗下平台）的商品发布流程页面，页面包含'发布商品'、'商品管理'、'商品'、'类目'、'商品标题'等关键元素，符合步骤目标要求。2. 页面布局完整，无'扫码登录'、'系统错误'、'404'或'网络异常'等异常提示。3. 界面显示正常，用户可继续进行商品信息填写操作。4. 根据任务描述，允许停在类目选择页或商品基本信息页，当前页面处于商品基本信息填写阶段，属于允许的停止点。因此，当前状态为正常可继续操作，建议继续执行后续步骤。
[2026-05-11 23:07:56] [DEBUG] [Executor] 计划文件已更新: 步骤 3/8
[2026-05-11 23:07:56] [DEBUG] [Executor] 计划文件顶层状态已更新: failed
