[2026-05-06 23:36:43] [INFO] [Executor] 开始 ReAct 执行循环，8 个步骤
[2026-05-06 23:36:43] [INFO] [Executor] --- 步骤 1/8: find_window ---
[2026-05-06 23:36:43] [INFO] 查找京麦窗口...
[2026-05-06 23:36:43] [INFO] 命中前台窗口: title='jd_465d1abd3ee76', process='jmworkstation', rect=(0, 0, 2560, 1392)
[2026-05-06 23:36:43] [INFO] 查找京麦窗口...
[2026-05-06 23:36:43] [INFO] 命中前台窗口: title='jd_465d1abd3ee76', process='jmworkstation', rect=(0, 0, 2560, 1392)
[2026-05-06 23:36:43] [INFO] 查找京麦窗口...
[2026-05-06 23:36:43] [INFO] [Executor] 步骤 1 find_window 执行后窗口发生变化: fields=['window_presence']
[2026-05-06 23:36:51] [WARNING] [Executor] 步骤 1 视觉验证失败（重试 1/3）: 余额已用完，操作失败
[2026-05-06 23:36:51] [INFO] 查找京麦窗口...
[2026-05-06 23:36:51] [INFO] [Executor] 重试 [2/3]: 等待 3.1s 后重试
[2026-05-06 23:36:54] [INFO] 查找京麦窗口...
[2026-05-06 23:36:54] [INFO] 查找京麦窗口...
[2026-05-06 23:37:00] [WARNING] [Executor] 步骤 1 视觉验证失败（重试 2/3）: 余额已用完
[2026-05-06 23:37:00] [INFO] 查找京麦窗口...
[2026-05-06 23:37:00] [INFO] [Executor] 重试 [3/3]: 清除缓存，强制重定位窗口
[2026-05-06 23:37:00] [INFO] 查找京麦窗口...
[2026-05-06 23:37:00] [INFO] 命中前台窗口: title='jd_465d1abd3ee76', process='jmworkstation', rect=(0, 0, 2560, 1392)
[2026-05-06 23:37:00] [INFO] 窗口已激活: (0, 0, 2560, 1392)
[2026-05-06 23:37:00] [INFO] [Executor] 窗口恢复成功(force-relocate): hwnd=922436
[2026-05-06 23:37:00] [INFO] 查找京麦窗口...
[2026-05-06 23:37:00] [INFO] 查找京麦窗口...
[2026-05-06 23:37:04] [WARNING] [Executor] 步骤 1 视觉验证失败（重试 3/3）: 余额已用完
[2026-05-06 23:37:04] [DEBUG] [Executor] 计划文件已更新: 步骤 1/8
[2026-05-06 23:37:04] [DEBUG] [Executor] 计划文件顶层状态已更新: failed
