[2026-05-01 22:06:04] [INFO] [Executor] 开始 ReAct 执行循环，2 个步骤
[2026-05-01 22:06:04] [INFO] [Executor] --- 步骤 1/2: fill_product_info ---
[2026-05-01 22:06:04] [INFO] [Executor] locator 未初始化，执行本地预检恢复
[2026-05-01 22:06:04] [INFO] 查找京麦窗口...
[2026-05-01 22:06:04] [INFO] 命中前台窗口: title='jd_465d1abd3ee76', process='jmworkstation', rect=(0, 0, 2560, 1392)
[2026-05-01 22:06:04] [INFO] 窗口已激活: (0, 0, 2560, 1392)
[2026-05-01 22:06:04] [INFO] [Executor] 窗口恢复成功(missing-locator): hwnd=1377392
[2026-05-01 22:06:04] [INFO] 查找京麦窗口...
[2026-05-01 22:06:04] [DEBUG] [Executor] 执行参数 fill_product_info: {'product': {'purchase_price': 70, 'jd_price': 70}}
[2026-05-01 22:06:14] [DEBUG] [ActionHook] fill_product_info took 9.60s
[2026-05-01 22:06:14] [INFO] 查找京麦窗口...
[2026-05-01 22:06:14] [WARNING] [Executor] Step 1 action failed (retry 1/3): Action execution failed
[2026-05-01 22:06:14] [INFO] 查找京麦窗口...
[2026-05-01 22:06:14] [INFO] [Executor] 重试 [2/3]: 等待 2.3s 后重试
[2026-05-01 22:06:16] [DEBUG] [Executor] 执行参数 fill_product_info: {'product': {'purchase_price': 70, 'jd_price': 70}}
[2026-05-01 22:06:25] [DEBUG] [ActionHook] fill_product_info took 9.18s
[2026-05-01 22:06:25] [INFO] 查找京麦窗口...
[2026-05-01 22:06:25] [WARNING] [Executor] Step 1 action failed (retry 2/3): Action execution failed
[2026-05-01 22:06:25] [INFO] 查找京麦窗口...
[2026-05-01 22:06:25] [INFO] [Executor] 重试 [3/3]: 清除缓存，强制重定位窗口
[2026-05-01 22:06:25] [INFO] 查找京麦窗口...
[2026-05-01 22:06:25] [INFO] 命中前台窗口: title='jd_465d1abd3ee76', process='jmworkstation', rect=(0, 0, 2560, 1392)
[2026-05-01 22:06:26] [INFO] 窗口已激活: (0, 0, 2560, 1392)
[2026-05-01 22:06:26] [INFO] [Executor] 窗口恢复成功(force-relocate): hwnd=1377392
[2026-05-01 22:06:26] [DEBUG] [Executor] 执行参数 fill_product_info: {'product': {'purchase_price': 70, 'jd_price': 70}}
[2026-05-01 22:06:35] [DEBUG] [ActionHook] fill_product_info took 9.09s
[2026-05-01 22:06:35] [INFO] 查找京麦窗口...
[2026-05-01 22:06:35] [WARNING] [Executor] Step 1 action failed (retry 3/3): Action execution failed
[2026-05-01 22:06:35] [DEBUG] [Executor] 计划文件已更新: 步骤 1/2
[2026-05-01 22:06:35] [DEBUG] [Executor] 计划文件顶层状态已更新: failed
