[2026-05-06 23:42:29] [INFO] [Executor] 开始 ReAct 执行循环，8 个步骤
[2026-05-06 23:42:29] [INFO] [Executor] --- 步骤 1/8: find_window ---
[2026-05-06 23:42:29] [INFO] 查找京麦窗口...
[2026-05-06 23:42:29] [INFO] 查找京麦窗口...
[2026-05-06 23:42:30] [INFO] 查找京麦窗口...
[2026-05-06 23:42:30] [INFO] [Executor] 步骤 1 find_window 执行后窗口发生变化: fields=['window_presence']
[2026-05-06 23:42:39] [INFO] [Executor] 步骤 1 视觉验证通过: 已找到京麦窗口
[2026-05-06 23:42:39] [DEBUG] [Executor] 计划文件已更新: 步骤 1/8
[2026-05-06 23:42:39] [INFO] [Executor] 步骤 1/8 完成: OK
[2026-05-06 23:42:39] [INFO] [Executor] --- 步骤 2/8: activate_window ---
[2026-05-06 23:42:39] [INFO] 查找京麦窗口...
[2026-05-06 23:42:39] [INFO] 查找京麦窗口...
[2026-05-06 23:42:39] [INFO] 窗口已激活: (0, 0, 2560, 1392)
[2026-05-06 23:42:39] [INFO] 查找京麦窗口...
[2026-05-06 23:42:44] [INFO] [Executor] 步骤 2 视觉验证通过: 京麦窗口处于激活状态，界面显示完整且无其他窗口覆盖，广告提示卡片不影响激活状态判断
[2026-05-06 23:42:44] [DEBUG] [Executor] 计划文件已更新: 步骤 2/8
[2026-05-06 23:42:44] [INFO] [Executor] 步骤 2/8 完成: OK
[2026-05-06 23:42:44] [INFO] [Executor] --- 步骤 3/8: navigate_to ---
[2026-05-06 23:42:44] [INFO] 查找京麦窗口...
[2026-05-06 23:42:44] [DEBUG] [Executor] 执行参数 navigate_to: {'page': 'publish'}
[2026-05-06 23:42:44] [INFO] 导航: 点击商品菜单
[2026-05-06 23:42:49] [INFO] 导航: 点击发布商品
[2026-05-06 23:42:52] [DEBUG] [ActionHook] navigate_to took 8.47s
[2026-05-06 23:42:52] [INFO] 查找京麦窗口...
[2026-05-06 23:42:55] [INFO] [Executor] 步骤 3 视觉验证通过: 页面无操作失败的错误提示，'余额已用完'等广告提示不影响商品发布功能
[2026-05-06 23:42:55] [DEBUG] [Executor] 计划文件已更新: 步骤 3/8
[2026-05-06 23:42:55] [INFO] [Executor] 步骤 3/8 完成: OK
[2026-05-06 23:42:55] [INFO] [Executor] --- 步骤 4/8: select_category ---
[2026-05-06 23:42:55] [INFO] 查找京麦窗口...
[2026-05-06 23:42:55] [DEBUG] [Executor] 执行参数 select_category: {'search_text': '插座'}
[2026-05-06 23:43:10] [DEBUG] [ActionHook] select_category took 15.14s
[2026-05-06 23:43:10] [INFO] 查找京麦窗口...
[2026-05-06 23:43:20] [INFO] [Executor] 步骤 4 视觉验证通过: 页面内显示的'余额已用完'等广告提示属于京准通正常广告，不影响商品发布功能，无其他错误提示，操作成功
[2026-05-06 23:43:20] [DEBUG] [Executor] 计划文件已更新: 步骤 4/8
[2026-05-06 23:43:20] [INFO] [Executor] 步骤 4/8 完成: OK
[2026-05-06 23:43:20] [INFO] [Executor] --- 步骤 5/8: fill_product_info ---
[2026-05-06 23:43:20] [INFO] 查找京麦窗口...
[2026-05-06 23:43:20] [DEBUG] [Executor] 执行参数 fill_product_info: {'product': {'products': [{'序号': 1, '业务': '慧采', '商品名称': '公牛（BULL） 插座/B5系列 带儿童保护门/新国标插座/排插 【8位】总控1.6米（新国标防过载）B5440', '品牌': '公牛', '型号': '无', '长mm': 250, '宽mm': 76, '高mm': 29, '重量KG': 0.5, '单位': '个', '京东挂网价': 70, '京东链接': 'https://item.jd.com/16793098028.html', '商品资质': '', '商品简述': '', '备注': '数量：2'}]}}
[2026-05-06 23:43:20] [INFO] 查找京麦窗口...
[2026-05-06 23:43:20] [WARNING] [Executor] Step 5 action failed (retry 1/3): No supported product fields were provided
[2026-05-06 23:43:20] [INFO] 查找京麦窗口...
[2026-05-06 23:43:20] [INFO] [Executor] 重试 [2/3]: 等待 3.4s 后重试
[2026-05-06 23:43:23] [DEBUG] [Executor] 执行参数 fill_product_info: {'product': {'products': [{'序号': 1, '业务': '慧采', '商品名称': '公牛（BULL） 插座/B5系列 带儿童保护门/新国标插座/排插 【8位】总控1.6米（新国标防过载）B5440', '品牌': '公牛', '型号': '无', '长mm': 250, '宽mm': 76, '高mm': 29, '重量KG': 0.5, '单位': '个', '京东挂网价': 70, '京东链接': 'https://item.jd.com/16793098028.html', '商品资质': '', '商品简述': '', '备注': '数量：2'}]}}
[2026-05-06 23:43:23] [INFO] 查找京麦窗口...
[2026-05-06 23:43:23] [WARNING] [Executor] Step 5 action failed (retry 2/3): No supported product fields were provided
[2026-05-06 23:43:23] [INFO] 查找京麦窗口...
[2026-05-06 23:43:23] [INFO] [Executor] 重试 [3/3]: 清除缓存，强制重定位窗口
[2026-05-06 23:43:23] [INFO] 查找京麦窗口...
[2026-05-06 23:43:24] [INFO] 窗口已激活: (0, 0, 2560, 1392)
[2026-05-06 23:43:24] [INFO] [Executor] 窗口恢复成功(force-relocate): hwnd=922436
[2026-05-06 23:43:24] [DEBUG] [Executor] 执行参数 fill_product_info: {'product': {'products': [{'序号': 1, '业务': '慧采', '商品名称': '公牛（BULL） 插座/B5系列 带儿童保护门/新国标插座/排插 【8位】总控1.6米（新国标防过载）B5440', '品牌': '公牛', '型号': '无', '长mm': 250, '宽mm': 76, '高mm': 29, '重量KG': 0.5, '单位': '个', '京东挂网价': 70, '京东链接': 'https://item.jd.com/16793098028.html', '商品资质': '', '商品简述': '', '备注': '数量：2'}]}}
[2026-05-06 23:43:24] [INFO] 查找京麦窗口...
[2026-05-06 23:43:24] [WARNING] [Executor] Step 5 action failed (retry 3/3): No supported product fields were provided
[2026-05-06 23:43:24] [DEBUG] [Executor] 计划文件已更新: 步骤 5/8
[2026-05-06 23:43:24] [DEBUG] [Executor] 计划文件顶层状态已更新: failed
