[2026-05-07 00:36:59] [INFO] [Executor] 开始 ReAct 执行循环，8 个步骤
[2026-05-07 00:36:59] [INFO] [Executor] 断点续跑: 跳过前 7 步，从步骤 8 开始
[2026-05-07 00:36:59] [INFO] [Executor] 续跑预检恢复: 在重跑 publish_product 前先恢复窗口上下文
[2026-05-07 00:36:59] [INFO] 查找京麦窗口...
[2026-05-07 00:36:59] [INFO] 命中前台窗口: title='jd_465d1abd3ee76', process='jmworkstation', rect=(0, 0, 2560, 1392)
[2026-05-07 00:37:00] [INFO] 窗口已激活: (0, 0, 2560, 1392)
[2026-05-07 00:37:00] [INFO] [Executor] 窗口恢复成功(resume-preflight): hwnd=922436
[2026-05-07 00:37:00] [INFO] [Executor] --- 步骤 8/8: publish_product ---
[2026-05-07 00:37:00] [INFO] 查找京麦窗口...
[2026-05-07 00:37:03] [DEBUG] [ActionHook] publish_product took 3.74s
[2026-05-07 00:37:03] [INFO] 查找京麦窗口...
[2026-05-07 00:37:13] [WARNING] [Executor] 步骤 8 视觉验证失败（重试 1/3）: 商品未成功发布
[2026-05-07 00:37:13] [INFO] 查找京麦窗口...
[2026-05-07 00:37:13] [INFO] [Executor] 重试 [2/3]: 等待 3.5s 后重试
[2026-05-07 00:37:19] [DEBUG] [ActionHook] publish_product took 2.28s
[2026-05-07 00:37:19] [INFO] 查找京麦窗口...
[2026-05-07 00:37:24] [WARNING] [Executor] 步骤 8 视觉验证失败（重试 2/3）: 商品数量统计为0，未显示已成功发布商品
[2026-05-07 00:37:24] [INFO] 查找京麦窗口...
[2026-05-07 00:37:24] [INFO] [Executor] 重试 [3/3]: 清除缓存，强制重定位窗口
[2026-05-07 00:37:24] [INFO] 查找京麦窗口...
[2026-05-07 00:37:24] [INFO] 命中前台窗口: title='jd_465d1abd3ee76', process='jmworkstation', rect=(0, 0, 2560, 1392)
[2026-05-07 00:37:25] [INFO] 窗口已激活: (0, 0, 2560, 1392)
[2026-05-07 00:37:25] [INFO] [Executor] 窗口恢复成功(force-relocate): hwnd=922436
[2026-05-07 00:37:27] [DEBUG] [ActionHook] publish_product took 2.23s
[2026-05-07 00:37:27] [INFO] 查找京麦窗口...
[2026-05-07 00:37:31] [WARNING] [Executor] 步骤 8 视觉验证失败（重试 3/3）: 页面中商品模块显示新品数量、在售数量等均为0，表明商品未成功发布
[2026-05-07 00:37:31] [DEBUG] [Executor] 计划文件已更新: 步骤 8/8
[2026-05-07 00:37:31] [DEBUG] [Executor] 计划文件顶层状态已更新: failed
