[2026-05-11 23:10:39] [INFO] [Planner] 规划任务 18b01f06: 公牛（BULL） 插座/B5系列 带儿童保护门/新国标插座/
[2026-05-11 23:10:39] [INFO] [Planner] doc_strict 强约束已启用，使用文档模板规划，共 8 步
[2026-05-11 23:10:40] [INFO] [Executor] 开始 ReAct 执行循环，8 个步骤
[2026-05-11 23:10:40] [INFO] [Executor] --- 步骤 1/8: find_window ---
[2026-05-11 23:10:40] [INFO] [Executor] 步骤 1 precheck: status=unknown state=n/a suggested=n/a
[2026-05-11 23:10:40] [INFO] 查找京麦窗口...
[2026-05-11 23:10:41] [INFO] 查找京麦窗口...
[2026-05-11 23:10:41] [INFO] 查找京麦窗口...
[2026-05-11 23:10:42] [INFO] [Executor] 步骤 1 find_window 执行后窗口发生变化: fields=['window_presence']
[2026-05-11 23:10:50] [INFO] [Executor] 步骤 1 postcheck: status=ok reason=成功定位并确认京麦客户端窗口存在，包含'京麦'、'发布商品'、'商智'、'工作台'等关键元素，符合步骤目标。
[2026-05-11 23:10:50] [INFO] [Executor] 步骤 1 视觉验证通过: 成功定位并确认京麦客户端窗口存在，包含'京麦'、'发布商品'、'商智'、'工作台'等关键元素，符合步骤目标。
[2026-05-11 23:10:50] [DEBUG] [Executor] 计划文件已更新: 步骤 1/8
[2026-05-11 23:10:50] [INFO] [Executor] 步骤 1/8 完成: OK
[2026-05-11 23:10:50] [INFO] [Executor] --- 步骤 2/8: activate_window ---
[2026-05-11 23:10:50] [INFO] 查找京麦窗口...
[2026-05-11 23:10:53] [INFO] [Executor] 步骤 2 precheck: status=ok state=京麦窗口已确认存在且处于前台，界面包含发布商品相关功能元素 suggested=proceed
[2026-05-11 23:10:53] [INFO] 查找京麦窗口...
[2026-05-11 23:10:53] [WARNING] SetForegroundWindow 失败: (0, 'SetForegroundWindow', 'No error message is available'), 尝试其他方式
[2026-05-11 23:10:53] [WARNING] SwitchToThisWindow 也失败: module 'win32api' has no attribute 'SwitchToThisWindow'
[2026-05-11 23:10:54] [INFO] 窗口已激活: (0, 0, 2560, 1392)
[2026-05-11 23:10:54] [INFO] 查找京麦窗口...
[2026-05-11 23:10:58] [INFO] [Executor] 步骤 2 postcheck: status=ok reason=成功将京麦窗口置于前台，符合步骤目标，当前页面显示京麦的发布商品界面，包含关键元素如'京麦'、'发布商品'、'工作台'等，且未出现失败或偏差线索。
[2026-05-11 23:10:58] [INFO] [Executor] 步骤 2 视觉验证通过: 成功将京麦窗口置于前台，符合步骤目标，当前页面显示京麦的发布商品界面，包含关键元素如'京麦'、'发布商品'、'工作台'等，且未出现失败或偏差线索。
[2026-05-11 23:10:58] [DEBUG] [Executor] 计划文件已更新: 步骤 2/8
[2026-05-11 23:10:58] [INFO] [Executor] 步骤 2/8 完成: OK
[2026-05-11 23:10:58] [INFO] [Executor] --- 步骤 3/8: navigate_to ---
[2026-05-11 23:10:58] [INFO] 查找京麦窗口...
[2026-05-11 23:11:02] [INFO] [Executor] 步骤 3 precheck: status=error state=进入发布商品流程的正常状态，当前处于商品基本信息页或类目选择页阶段，无异常提示。 suggested=navigate_to
[2026-05-11 23:11:02] [WARNING] [Executor] 步骤 3 执行前视觉预检失败（重试 1/3）: 当前截图显示为京麦的发布商品流程界面，包含'商品管理'、'商品'、'类目'等关键元素，且未出现任何错误提示或异常状态。根据提供的步骤描述，目标是进入发品流程并允许停在类目选择页或商品基本信息页。当前页面符合发布商品流程的要求，且未出现'扫码登录'、'登录失效'、'系统错误'、'404'、'网络异常'等错误状态。因此可以安全继续当前步骤。
[2026-05-11 23:11:02] [INFO] 查找京麦窗口...
[2026-05-11 23:11:03] [INFO] [Executor] 重试 [2/3]: 等待 3.3s 后重试
[2026-05-11 23:11:06] [WARNING] BitBlt screenshot empty, trying PrintWindow fallback
[2026-05-11 23:11:06] [WARNING] BitBlt screenshot empty, trying PrintWindow fallback
[2026-05-11 23:11:06] [WARNING] BitBlt screenshot empty, trying PrintWindow fallback
[2026-05-11 23:11:07] [WARNING] BitBlt screenshot empty, trying PrintWindow fallback
[2026-05-11 23:11:07] [WARNING] BitBlt screenshot empty, trying PrintWindow fallback
[2026-05-11 23:11:10] [INFO] [Executor] 步骤 3 precheck: status=ok state=加载中/空白页面（允许继续） suggested=proceed
[2026-05-11 23:11:10] [DEBUG] [Executor] 执行参数 navigate_to: {'page': 'publish'}
[2026-05-11 23:11:10] [INFO] 导航: 点击商品菜单
[2026-05-11 23:11:10] [DEBUG] 坐标缩放 (34,145) → (20,85), scale=(0.611,0.589), 窗口=1564x820
[2026-05-11 23:11:12] [INFO] 导航: 点击发布商品
[2026-05-11 23:11:12] [DEBUG] 坐标缩放 (34,195) → (20,114), scale=(0.611,0.589), 窗口=1564x820
[2026-05-11 23:11:16] [DEBUG] [ActionHook] navigate_to took 6.04s
[2026-05-11 23:11:16] [INFO] 查找京麦窗口...
[2026-05-11 23:11:16] [WARNING] BitBlt screenshot empty, trying PrintWindow fallback
[2026-05-11 23:11:16] [WARNING] BitBlt screenshot empty, trying PrintWindow fallback
[2026-05-11 23:11:16] [WARNING] BitBlt screenshot empty, trying PrintWindow fallback
[2026-05-11 23:11:16] [WARNING] BitBlt screenshot empty, trying PrintWindow fallback
[2026-05-11 23:11:17] [WARNING] BitBlt screenshot empty, trying PrintWindow fallback
[2026-05-11 23:11:24] [INFO] [Executor] 步骤 3 postcheck: status=error reason=截图显示为四个全黑的分屏窗口，无任何商品信息字段（如商品标题、品牌、价格、类目等）或操作按钮（如'下一步，完善其他商品信息'），且无任何成功线索。根据步骤目标，应进入发品流程且允许停在类目选择页或商品基本信息页，但当前截图状态与目标严重不符
[2026-05-11 23:11:24] [WARNING] [Executor] 步骤 3 视觉验证失败（重试 2/3）: 截图显示为四个全黑的分屏窗口，无任何商品信息字段（如商品标题、品牌、价格、类目等）或操作按钮（如'下一步，完善其他商品信息'），且无任何成功线索。根据步骤目标，应进入发品流程且允许停在类目选择页或商品基本信息页，但当前截图状态与目标严重不符，无法确认是否进入正确流程。
[2026-05-11 23:11:24] [INFO] [Executor] 步骤 3 恢复动作: wait 2.5s
[2026-05-11 23:11:27] [INFO] 查找京麦窗口...
[2026-05-11 23:11:27] [INFO] 命中前台窗口: title='jd_465d1abd3ee76-咚咚融合工作台', process='jdm_dd_workbench', rect=(498, 286, 2062, 1106)
[2026-05-11 23:11:27] [INFO] 窗口已激活: (498, 286, 2062, 1106)
[2026-05-11 23:11:27] [INFO] [Executor] 窗口恢复成功(matrix-force-relocate): hwnd=2361890
[2026-05-11 23:11:27] [INFO] [Executor] 步骤 3 恢复动作: refresh_page {'mode': 'hard'}
[2026-05-11 23:11:28] [INFO] 窗口已激活: (498, 286, 2062, 1106)
[2026-05-11 23:11:29] [DEBUG] [ActionHook] refresh_page took 2.12s
[2026-05-11 23:11:47] [WARNING] BitBlt screenshot empty, trying PrintWindow fallback
[2026-05-11 23:11:47] [WARNING] BitBlt screenshot empty, trying PrintWindow fallback
[2026-05-11 23:11:47] [WARNING] BitBlt screenshot empty, trying PrintWindow fallback
[2026-05-11 23:11:48] [WARNING] BitBlt screenshot empty, trying PrintWindow fallback
[2026-05-11 23:11:48] [WARNING] BitBlt screenshot empty, trying PrintWindow fallback
[2026-05-11 23:11:54] [WARNING] [Executor] 步骤 3 恢复矩阵执行失败: postcheck_validation_error 截图内容为空（所有四个分屏区域均为纯黑色，无任何可见元素或界面内容），无法识别当前页面状态和操作进展。当前步骤应为定位并确认京麦客户端窗口存在，但截图未提供有效视觉信息，导致无法判断是否成功。系统需返回错误状态并提示确认截图有效。
[2026-05-11 23:11:54] [INFO] 查找京麦窗口...
[2026-05-11 23:11:54] [INFO] [Executor] 重试 [3/3]: 清除缓存，强制重定位窗口
[2026-05-11 23:11:54] [INFO] 查找京麦窗口...
[2026-05-11 23:11:54] [INFO] 命中前台窗口: title='jd_465d1abd3ee76-咚咚融合工作台', process='jdm_dd_workbench', rect=(498, 286, 2062, 1106)
[2026-05-11 23:11:54] [INFO] 窗口已激活: (498, 286, 2062, 1106)
[2026-05-11 23:11:54] [INFO] [Executor] 窗口恢复成功(force-relocate): hwnd=2361890
[2026-05-11 23:11:54] [WARNING] BitBlt screenshot empty, trying PrintWindow fallback
[2026-05-11 23:11:54] [WARNING] BitBlt screenshot empty, trying PrintWindow fallback
[2026-05-11 23:11:55] [WARNING] BitBlt screenshot empty, trying PrintWindow fallback
[2026-05-11 23:11:55] [WARNING] BitBlt screenshot empty, trying PrintWindow fallback
[2026-05-11 23:11:55] [WARNING] BitBlt screenshot empty, trying PrintWindow fallback
[2026-05-11 23:11:57] [INFO] [Executor] 步骤 3 precheck: status=error state=未知 suggested=navigate_to
[2026-05-11 23:11:57] [WARNING] [Executor] 步骤 3 执行前视觉预检失败（重试 3/3）: doc-strict precheck markers missing for navigate_to: expected any of ['京麦', '工作台', '商品', '发布商品']
[2026-05-11 23:11:57] [DEBUG] [Executor] 计划文件已更新: 步骤 3/8
[2026-05-11 23:11:57] [DEBUG] [Executor] 计划文件顶层状态已更新: failed
