[2026-05-02 00:19:14] [INFO] [Executor] 开始 ReAct 执行循环，1 个步骤
[2026-05-02 00:19:14] [INFO] [Executor] --- 步骤 1/1: fill_product_info ---
[2026-05-02 00:19:14] [INFO] [Executor] locator 未初始化，执行本地预检恢复
[2026-05-02 00:19:14] [INFO] 查找京麦窗口...
[2026-05-02 00:19:14] [INFO] 命中前台窗口: title='jd_465d1abd3ee76', process='jmworkstation', rect=(0, 0, 2560, 1392)
[2026-05-02 00:19:15] [INFO] 窗口已激活: (0, 0, 2560, 1392)
[2026-05-02 00:19:15] [INFO] [Executor] 窗口恢复成功(missing-locator): hwnd=1377392
[2026-05-02 00:19:15] [INFO] 查找京麦窗口...
[2026-05-02 00:19:15] [DEBUG] [Executor] 执行参数 fill_product_info: {'product': {'purchase_price': 70, 'jd_price': 70}}
[2026-05-02 00:19:26] [DEBUG] [ActionHook] fill_product_info took 11.04s
[2026-05-02 00:19:26] [INFO] 查找京麦窗口...
[2026-05-02 00:19:26] [WARNING] [Executor] Step 1 action failed (retry 1/3): Some product fields failed verification: jd_price, purchase_price
[2026-05-02 00:19:26] [INFO] 查找京麦窗口...
[2026-05-02 00:19:26] [INFO] [Executor] 重试 [2/3]: 等待 2.5s 后重试
[2026-05-02 00:19:28] [DEBUG] [Executor] 执行参数 fill_product_info: {'product': {'purchase_price': 70, 'jd_price': 70}}
[2026-05-02 00:19:39] [DEBUG] [ActionHook] fill_product_info took 10.39s
[2026-05-02 00:19:39] [INFO] 查找京麦窗口...
[2026-05-02 00:19:39] [WARNING] [Executor] Step 1 action failed (retry 2/3): Some product fields failed verification: jd_price, purchase_price
[2026-05-02 00:19:39] [INFO] 查找京麦窗口...
[2026-05-02 00:19:39] [INFO] [Executor] 重试 [3/3]: 清除缓存，强制重定位窗口
[2026-05-02 00:19:39] [INFO] 查找京麦窗口...
[2026-05-02 00:19:39] [INFO] 命中前台窗口: title='jd_465d1abd3ee76', process='jmworkstation', rect=(0, 0, 2560, 1392)
[2026-05-02 00:19:39] [INFO] 窗口已激活: (0, 0, 2560, 1392)
[2026-05-02 00:19:39] [INFO] [Executor] 窗口恢复成功(force-relocate): hwnd=1377392
[2026-05-02 00:19:39] [DEBUG] [Executor] 执行参数 fill_product_info: {'product': {'purchase_price': 70, 'jd_price': 70}}
[2026-05-02 00:19:50] [DEBUG] [ActionHook] fill_product_info took 10.62s
[2026-05-02 00:19:50] [INFO] 查找京麦窗口...
[2026-05-02 00:19:50] [WARNING] [Executor] Step 1 action failed (retry 3/3): Some product fields failed verification: jd_price, purchase_price
[2026-05-02 00:19:50] [DEBUG] [Executor] 计划文件已更新: 步骤 1/1
[2026-05-02 00:19:50] [DEBUG] [Executor] 计划文件顶层状态已更新: failed
