[2026-06-26 08:56:57] ============================================================
[2026-06-26 08:56:57] 🚀 Sakana AI / Fugu 监控启动
[2026-06-26 08:56:57] ============================================================
[2026-06-26 08:56:57] 📰 检查 Sakana AI 博客...
[2026-06-26 08:56:58]   找到 8 篇博客
[2026-06-26 08:56:58] 📚 检查 arXiv 论文...
[2026-06-26 08:57:13]   找到 0 篇相关论文
[2026-06-26 08:57:13] 🟠 检查 Hacker News...
[2026-06-26 08:57:14]   找到 10 条 HN 提及
[2026-06-26 08:57:14] 💻 检查 GitHub...
[2026-06-26 08:57:15] ✅ 报告已生成: E:\workspace\knowledge\sakana-fugu-monitor\report_20260626_0857.md
[2026-06-26 08:57:15]    总条目: 19
[2026-06-26 08:59:09] ============================================================
[2026-06-26 08:59:09] 🚀 Sakana AI / Fugu 监控启动
[2026-06-26 08:59:09] ============================================================
[2026-06-26 08:59:09] 📰 检查 Sakana AI 博客...
[2026-06-26 08:59:09]   找到 96 篇博客
[2026-06-26 08:59:09] 📚 检查 arXiv 论文...
[2026-06-26 08:59:09]   找到 0 篇相关论文
[2026-06-26 08:59:09] 🟠 检查 Hacker News...
[2026-06-26 08:59:10]   找到 10 条 HN 提及
[2026-06-26 08:59:10] 💻 检查 GitHub...
[2026-06-26 08:59:11] ✅ 报告已生成: E:\workspace\knowledge\sakana-fugu-monitor\report_20260626_0859.md
[2026-06-26 08:59:11]    总条目: 26
