[2026-05-21T19:08:59.231532] ==================================================
[2026-05-21T19:08:59.231532] 开始知识-pull同步
[2026-05-21T19:08:59.231532] 执行: python E:\workspace\knowledge-base\sync_pull_feishu.py
[2026-05-21T19:09:00.032373] ✓ 成功: ==================================================
FEISHU PULL - 双向同步（飞书 → 本地）
==================================================

[1/3] 获取飞书文档列表...
      找到 0 个文档

[2/3] 筛选需要更新的文档...
      需要更新: 0 个

[2026-05-21T19:09:00.032890] 执行: python E:\workspace\knowledge-base\sync_pull_notion.py
[2026-05-21T19:09:01.400928] ✓ 成功: ==================================================
NOTION PULL - 双向同步（Notion → 本地）
==================================================

[1/2] 增量拉取（仅上次同步后更新的页面）...
      只同步 > 2026-05-21 19:01:01 更新的页面

[2026-05-21T19:09:01.400928] 执行: python E:\workspace\scripts\feishu_write_github_trending.py
[2026-05-21T19:09:04.170048] ✓ 成功: ==================================================
创建飞书文档: GitHub一周热榜Top20 2026年第20周
==================================================

[1] 获取访问令牌...
[OK] token获取成功

[2] 创建文档...
[OK] 文档创建成功: https://
[2026-05-21T19:09:04.170048] ==================================================
[2026-05-21T19:09:04.170048] 同步完成：全部成功
[2026-05-21T20:15:49.186064] ==================================================
[2026-05-21T20:15:49.186575] 开始知识-pull同步
[2026-05-21T20:15:49.186575] 执行: python E:\workspace\knowledge-base\sync_pull_feishu.py
[2026-05-21T20:16:10.741573] ✓ 成功: ==================================================
FEISHU PULL - 双向同步（飞书 → 本地）
==================================================

[1/3] 获取飞书文档列表...
      找到 0 个文档

[2/3] 筛选需要更新的文档...
      需要更新: 0 个

[2026-05-21T20:16:10.742083] 执行: python E:\workspace\knowledge-base\sync_pull_notion.py
[2026-05-21T20:16:12.386297] ✓ 成功: ==================================================
NOTION PULL - 双向同步（Notion → 本地）
==================================================

[1/2] 增量拉取（仅上次同步后更新的页面）...
      只同步 > 2026-05-21 19:09:01 更新的页面

[2026-05-21T20:16:12.386297] 执行: python E:\workspace\scripts\feishu_write_github_trending.py
[2026-05-21T20:16:14.730816] ✓ 成功: ==================================================
创建飞书文档: GitHub一周热榜Top20 2026年第20周
==================================================

[1] 获取访问令牌...
[OK] token获取成功

[2] 创建文档...
[OK] 文档创建成功: https://
[2026-05-21T20:16:14.731963] ==================================================
[2026-05-21T20:16:14.731963] 同步完成：全部成功
[2026-05-21T21:01:00.622252] ==================================================
[2026-05-21T21:01:00.622828] 开始知识-pull同步
[2026-05-21T21:01:00.622828] 执行: python E:\workspace\knowledge-base\sync_pull_feishu.py
[2026-05-21T21:01:01.289634] ✓ 成功: ==================================================
FEISHU PULL - 双向同步（飞书 → 本地）
==================================================

[1/3] 获取飞书文档列表...
      找到 0 个文档

[2/3] 筛选需要更新的文档...
      需要更新: 0 个

[2026-05-21T21:01:01.290154] 执行: python E:\workspace\knowledge-base\sync_pull_notion.py
[2026-05-21T21:01:02.698798] ✓ 成功: ==================================================
NOTION PULL - 双向同步（Notion → 本地）
==================================================

[1/2] 增量拉取（仅上次同步后更新的页面）...
      只同步 > 2026-05-21 20:16:12 更新的页面

[2026-05-21T21:01:02.698798] 执行: python E:\workspace\scripts\feishu_write_github_trending.py
[2026-05-21T21:01:05.244591] ✓ 成功: ==================================================
创建飞书文档: GitHub一周热榜Top20 2026年第20周
==================================================

[1] 获取访问令牌...
[OK] token获取成功

[2] 创建文档...
[OK] 文档创建成功: https://
[2026-05-21T21:01:05.244591] ==================================================
[2026-05-21T21:01:05.244591] 同步完成：全部成功
[2026-05-21T22:02:38.402079] ==================================================
[2026-05-21T22:02:38.402079] 开始知识-pull同步
[2026-05-21T22:02:38.402611] 执行: python E:\workspace\knowledge-base\sync_pull_feishu.py
[2026-05-21T22:02:38.966620] ✓ 成功: ==================================================
FEISHU PULL - 双向同步（飞书 → 本地）
==================================================

[1/3] 获取飞书文档列表...
      找到 0 个文档

[2/3] 筛选需要更新的文档...
      需要更新: 0 个

[2026-05-21T22:02:38.966620] 执行: python E:\workspace\knowledge-base\sync_pull_notion.py
[2026-05-21T22:02:40.371973] ✓ 成功: ==================================================
NOTION PULL - 双向同步（Notion → 本地）
==================================================

[1/2] 增量拉取（仅上次同步后更新的页面）...
      只同步 > 2026-05-21 21:01:02 更新的页面

[2026-05-21T22:02:40.371973] 执行: python E:\workspace\scripts\feishu_write_github_trending.py
[2026-05-21T22:02:42.780430] ✓ 成功: ==================================================
创建飞书文档: GitHub一周热榜Top20 2026年第20周
==================================================

[1] 获取访问令牌...
[OK] token获取成功

[2] 创建文档...
[OK] 文档创建成功: https://
[2026-05-21T22:02:42.780430] ==================================================
[2026-05-21T22:02:42.780430] 同步完成：全部成功
